2025-08-23 00:01:42.810 +03:00 [INF] HTTP GET /api/Category responded 200 in 1758.2257 ms
2025-08-23 00:01:42.811 +03:00 [INF] HTTP GET /api/Product/filter responded 200 in 1759.2798 ms
2025-08-23 00:03:15.057 +03:00 [INF] HTTP GET /api/Category responded 200 in 1354.7871 ms
2025-08-23 00:03:15.344 +03:00 [INF] HTTP GET /api/Product/filter responded 200 in 1641.7592 ms
2025-08-23 00:04:21.017 +03:00 [INF] HTTP GET /api/Category responded 200 in 4.7475 ms
2025-08-23 00:04:28.639 +03:00 [INF] HTTP GET /api/Product/filter responded 200 in 7626.5890 ms
2025-08-23 00:04:33.928 +03:00 [INF] HTTP GET /api/Product/fdce0f99-a7b0-495e-8906-f096f388add1 responded 200 in 79.1133 ms
2025-08-23 00:04:37.565 +03:00 [INF] HTTP GET /api/Product/0dabbe6f-5061-46ac-81da-5888df2836a2 responded 200 in 8.3737 ms
2025-08-23 00:05:34.074 +03:00 [INF] HTTP GET /api/Product/filter responded 200 in 5.4968 ms
2025-08-23 00:05:34.074 +03:00 [INF] HTTP GET /api/Category responded 200 in 5.4284 ms
2025-08-23 00:10:05.226 +03:00 [INF] HTTP GET /api/Category responded 200 in 4.0785 ms
2025-08-23 00:10:05.232 +03:00 [INF] HTTP GET /api/Product/filter responded 200 in 9.7545 ms
2025-08-23 00:11:45.610 +03:00 [INF] HTTP GET /api/Product/filter responded 200 in 15.4562 ms
2025-08-23 00:11:45.675 +03:00 [INF] HTTP GET /api/Category responded 200 in 76.8545 ms
2025-08-23 00:30:00.278 +03:00 [INF] HTTP GET /api/Category responded 200 in 90.9967 ms
2025-08-23 00:30:00.283 +03:00 [INF] HTTP GET /api/Category responded 200 in 2.7400 ms
2025-08-23 00:30:00.278 +03:00 [INF] HTTP GET /api/Product/filter responded 200 in 91.2066 ms
2025-08-23 00:30:00.285 +03:00 [INF] HTTP GET /api/Product/filter responded 200 in 2.9923 ms
2025-08-23 00:30:00.627 +03:00 [INF] HTTP GET /api/Product/filter responded 200 in 5.0835 ms
2025-08-23 00:30:00.627 +03:00 [INF] HTTP GET /api/Category responded 200 in 5.0485 ms
2025-08-23 00:30:02.765 +03:00 [INF] HTTP GET /api/Product/fdce0f99-a7b0-495e-8906-f096f388add1 responded 200 in 11.0692 ms
2025-08-23 00:30:06.707 +03:00 [INF] HTTP GET /api/GetProductImages/0dabbe6f-5061-46ac-81da-5888df2836a2 responded 200 in 27.5135 ms
2025-08-23 00:33:16.872 +03:00 [INF] HTTP GET /api/Category/GetAllCategories responded 405 in 2.6635 ms
2025-08-23 00:33:29.106 +03:00 [INF] HTTP GET /api/Category/GetAllCategories responded 405 in 0.1085 ms
2025-08-23 00:37:28.549 +03:00 [INF] HTTP GET /api/Category responded 200 in 6.7487 ms
2025-08-23 00:37:32.565 +03:00 [INF] HTTP GET /api/Category/1bcdb2cc-dc56-45bf-a51a-240207995bf2 responded 405 in 0.1127 ms
2025-08-23 00:39:20.308 +03:00 [INF] HTTP PUT /api/Category responded 200 in 152.6633 ms
2025-08-23 00:39:20.333 +03:00 [INF] HTTP PUT /api/Category responded 200 in 16.5961 ms
2025-08-23 00:39:20.345 +03:00 [INF] HTTP GET /api/Category responded 200 in 6.6183 ms
2025-08-23 00:39:37.994 +03:00 [INF] HTTP GET /api/Product/filter responded 200 in 7.0913 ms
2025-08-23 00:39:37.994 +03:00 [INF] HTTP GET /api/Category responded 200 in 11.7275 ms
2025-08-23 00:39:38.003 +03:00 [INF] HTTP GET /api/Category responded 200 in 3.0907 ms
2025-08-23 00:39:38.005 +03:00 [INF] HTTP GET /api/Product/filter responded 200 in 5.7105 ms
2025-08-23 00:39:38.480 +03:00 [INF] HTTP GET /api/Category responded 200 in 3.9886 ms
2025-08-23 00:39:38.481 +03:00 [INF] HTTP GET /api/Product/filter responded 200 in 4.5775 ms
2025-08-23 01:06:55.468 +03:00 [WRN] You do not have a valid license key for the Lucky Penny software MediatR. This is allowed for development and testing scenarios. If you are running in production you are required to have a licensed version. Please visit https://luckypennysoftware.com to obtain a valid license.
2025-08-23 01:06:56.600 +03:00 [WRN] Compiling a query which loads related collections for more than one collection navigation, either via 'Include' or through projection, but no 'QuerySplittingBehavior' has been configured. By default, Entity Framework will use 'QuerySplittingBehavior.SingleQuery', which can potentially result in slow query performance. See https://go.microsoft.com/fwlink/?linkid=2134277 for more information. To identify the query that's triggering this warning call 'ConfigureWarnings(w => w.Throw(RelationalEventId.MultipleCollectionIncludeWarning))'.
2025-08-23 01:06:56.910 +03:00 [INF] HTTP GET /api/Product responded 200 in 1488.4120 ms
2025-08-23 01:06:58.553 +03:00 [INF] HTTP GET /api/Product responded 200 in 8.2448 ms
2025-08-23 01:07:34.463 +03:00 [INF] HTTP GET /api/Product responded 200 in 8.5986 ms
2025-08-23 01:07:43.713 +03:00 [INF] HTTP GET /api/Product responded 200 in 3.3721 ms
2025-08-23 01:07:47.725 +03:00 [INF] HTTP GET /api/Product responded 200 in 2.7686 ms
2025-08-23 01:07:52.335 +03:00 [INF] HTTP GET /api/Product responded 200 in 4.3598 ms
2025-08-23 01:08:02.601 +03:00 [INF] HTTP GET /api/Product responded 200 in 3.5778 ms
2025-08-23 01:08:57.009 +03:00 [INF] HTTP GET /api/Product responded 200 in 9.1942 ms
2025-08-23 01:10:56.563 +03:00 [INF] HTTP GET /api/Product responded 200 in 11.7279 ms
2025-08-23 01:10:58.508 +03:00 [INF] HTTP GET /api/Product responded 200 in 3.6311 ms
2025-08-23 01:11:44.720 +03:00 [INF] HTTP GET /api/Product responded 200 in 10.4715 ms
2025-08-23 01:12:08.937 +03:00 [INF] HTTP GET /api/Product responded 200 in 3.0390 ms
2025-08-23 01:15:37.419 +03:00 [INF] HTTP GET /api/Product responded 200 in 7.9037 ms
2025-08-23 01:16:50.133 +03:00 [INF] HTTP GET /api/Product responded 200 in 9.1876 ms
2025-08-23 01:16:56.736 +03:00 [INF] HTTP GET /api/Product responded 200 in 3.1771 ms
2025-08-23 01:16:59.341 +03:00 [INF] HTTP GET /api/Product responded 200 in 6.5866 ms
2025-08-23 01:17:02.277 +03:00 [INF] HTTP GET /api/Product responded 200 in 2.7357 ms
2025-08-23 01:17:17.594 +03:00 [INF] HTTP GET /api/Product responded 200 in 3.1349 ms
2025-08-23 09:32:32.644 +03:00 [WRN] You do not have a valid license key for the Lucky Penny software MediatR. This is allowed for development and testing scenarios. If you are running in production you are required to have a licensed version. Please visit https://luckypennysoftware.com to obtain a valid license.
2025-08-23 09:32:42.238 +03:00 [ERR] HTTP GET /api/Product responded 500 in 9634.4919 ms
StackExchange.Redis.RedisConnectionException: It was not possible to connect to the redis server(s). Error connecting right now. To allow this multiplexer to continue retrying until it's able to connect, use abortConnect=false in your connection string or AbortOnConnectFail=false; in your code.
   at StackExchange.Redis.ConnectionMultiplexer.ConnectImpl(ConfigurationOptions configuration, TextWriter writer, Nullable`1 serverType, EndPointCollection endpoints) in /_/src/StackExchange.Redis/ConnectionMultiplexer.cs:line 689
   at StackExchange.Redis.ConnectionMultiplexer.Connect(ConfigurationOptions configuration, TextWriter log) in /_/src/StackExchange.Redis/ConnectionMultiplexer.cs:line 661
   at StackExchange.Redis.ConnectionMultiplexer.Connect(String configuration, TextWriter log) in /_/src/StackExchange.Redis/ConnectionMultiplexer.cs:line 639
   at Program.<>c.<<Main>$>b__0_2(IServiceProvider sp) in C:\Users\Furkan Recep Çınar\source\repos\kayra-export-task-2\backend\KayraExportTask2\KayraExportTask2API\Program.cs:line 38
   at Microsoft.Extensions.DependencyInjection.ServiceLookup.CallSiteRuntimeResolver.VisitFactory(FactoryCallSite factoryCallSite, RuntimeResolverContext context)
   at Microsoft.Extensions.DependencyInjection.ServiceLookup.CallSiteRuntimeResolver.VisitRootCache(ServiceCallSite callSite, RuntimeResolverContext context)
   at Microsoft.Extensions.DependencyInjection.ServiceLookup.CallSiteVisitor`2.VisitCallSite(ServiceCallSite callSite, TArgument argument)
   at Microsoft.Extensions.DependencyInjection.ServiceLookup.CallSiteRuntimeResolver.VisitConstructor(ConstructorCallSite constructorCallSite, RuntimeResolverContext context)
   at Microsoft.Extensions.DependencyInjection.ServiceLookup.CallSiteRuntimeResolver.VisitCache(ServiceCallSite callSite, RuntimeResolverContext context, ServiceProviderEngineScope serviceProviderEngine, RuntimeResolverLock lockType)
   at Microsoft.Extensions.DependencyInjection.ServiceLookup.CallSiteRuntimeResolver.VisitScopeCache(ServiceCallSite callSite, RuntimeResolverContext context)
   at Microsoft.Extensions.DependencyInjection.ServiceLookup.CallSiteVisitor`2.VisitCallSite(ServiceCallSite callSite, TArgument argument)
   at Microsoft.Extensions.DependencyInjection.ServiceLookup.CallSiteRuntimeResolver.VisitConstructor(ConstructorCallSite constructorCallSite, RuntimeResolverContext context)
   at Microsoft.Extensions.DependencyInjection.ServiceLookup.CallSiteRuntimeResolver.VisitDisposeCache(ServiceCallSite transientCallSite, RuntimeResolverContext context)
   at Microsoft.Extensions.DependencyInjection.ServiceLookup.CallSiteVisitor`2.VisitCallSite(ServiceCallSite callSite, TArgument argument)
   at Microsoft.Extensions.DependencyInjection.ServiceLookup.CallSiteRuntimeResolver.Resolve(ServiceCallSite callSite, ServiceProviderEngineScope scope)
   at Microsoft.Extensions.DependencyInjection.ServiceLookup.DynamicServiceProviderEngine.<>c__DisplayClass2_0.<RealizeService>b__0(ServiceProviderEngineScope scope)
   at Microsoft.Extensions.DependencyInjection.ServiceProvider.GetService(ServiceIdentifier serviceIdentifier, ServiceProviderEngineScope serviceProviderEngineScope)
   at Microsoft.Extensions.DependencyInjection.ServiceLookup.ServiceProviderEngineScope.GetService(Type serviceType)
   at Microsoft.Extensions.DependencyInjection.ServiceProviderServiceExtensions.GetRequiredService(IServiceProvider provider, Type serviceType)
   at Microsoft.Extensions.DependencyInjection.ServiceProviderServiceExtensions.GetRequiredService[T](IServiceProvider provider)
   at MediatR.Wrappers.RequestHandlerWrapperImpl`2.<>c__DisplayClass1_0.<Handle>g__Handler|0(CancellationToken t)
   at MediatR.Wrappers.RequestHandlerWrapperImpl`2.Handle(IRequest`1 request, IServiceProvider serviceProvider, CancellationToken cancellationToken)
   at MediatR.Mediator.Send[TResponse](IRequest`1 request, CancellationToken cancellationToken)
   at KayraExportTask2API.Controllers.ProductController.GetAllProducts() in C:\Users\Furkan Recep Çınar\source\repos\kayra-export-task-2\backend\KayraExportTask2\KayraExportTask2API\Controllers\ProductController.cs:line 31
   at Microsoft.AspNetCore.Mvc.Infrastructure.ActionMethodExecutor.TaskOfIActionResultExecutor.Execute(ActionContext actionContext, IActionResultTypeMapper mapper, ObjectMethodExecutor executor, Object controller, Object[] arguments)
   at Microsoft.AspNetCore.Mvc.Infrastructure.ControllerActionInvoker.<InvokeActionMethodAsync>g__Awaited|12_0(ControllerActionInvoker invoker, ValueTask`1 actionResultValueTask)
   at Microsoft.AspNetCore.Mvc.Infrastructure.ControllerActionInvoker.<InvokeNextActionFilterAsync>g__Awaited|10_0(ControllerActionInvoker invoker, Task lastTask, State next, Scope scope, Object state, Boolean isCompleted)
   at Microsoft.AspNetCore.Mvc.Infrastructure.ControllerActionInvoker.Rethrow(ActionExecutedContextSealed context)
   at Microsoft.AspNetCore.Mvc.Infrastructure.ControllerActionInvoker.Next(State& next, Scope& scope, Object& state, Boolean& isCompleted)
   at Microsoft.AspNetCore.Mvc.Infrastructure.ControllerActionInvoker.InvokeInnerFilterAsync()
--- End of stack trace from previous location ---
   at Microsoft.AspNetCore.Mvc.Infrastructure.ResourceInvoker.<InvokeFilterPipelineAsync>g__Awaited|20_0(ResourceInvoker invoker, Task lastTask, State next, Scope scope, Object state, Boolean isCompleted)
   at Microsoft.AspNetCore.Mvc.Infrastructure.ResourceInvoker.<InvokeAsync>g__Awaited|17_0(ResourceInvoker invoker, Task task, IDisposable scope)
   at Microsoft.AspNetCore.Mvc.Infrastructure.ResourceInvoker.<InvokeAsync>g__Awaited|17_0(ResourceInvoker invoker, Task task, IDisposable scope)
   at Microsoft.AspNetCore.Routing.EndpointMiddleware.<Invoke>g__AwaitRequestTask|6_0(Endpoint endpoint, Task requestTask, ILogger logger)
   at Serilog.AspNetCore.RequestLoggingMiddleware.Invoke(HttpContext httpContext)
2025-08-23 09:32:42.386 +03:00 [ERR] An unexpected error occurred.
StackExchange.Redis.RedisConnectionException: It was not possible to connect to the redis server(s). Error connecting right now. To allow this multiplexer to continue retrying until it's able to connect, use abortConnect=false in your connection string or AbortOnConnectFail=false; in your code.
   at StackExchange.Redis.ConnectionMultiplexer.ConnectImpl(ConfigurationOptions configuration, TextWriter writer, Nullable`1 serverType, EndPointCollection endpoints) in /_/src/StackExchange.Redis/ConnectionMultiplexer.cs:line 689
   at StackExchange.Redis.ConnectionMultiplexer.Connect(ConfigurationOptions configuration, TextWriter log) in /_/src/StackExchange.Redis/ConnectionMultiplexer.cs:line 661
   at StackExchange.Redis.ConnectionMultiplexer.Connect(String configuration, TextWriter log) in /_/src/StackExchange.Redis/ConnectionMultiplexer.cs:line 639
   at Program.<>c.<<Main>$>b__0_2(IServiceProvider sp) in C:\Users\Furkan Recep Çınar\source\repos\kayra-export-task-2\backend\KayraExportTask2\KayraExportTask2API\Program.cs:line 38
   at Microsoft.Extensions.DependencyInjection.ServiceLookup.CallSiteRuntimeResolver.VisitFactory(FactoryCallSite factoryCallSite, RuntimeResolverContext context)
   at Microsoft.Extensions.DependencyInjection.ServiceLookup.CallSiteRuntimeResolver.VisitRootCache(ServiceCallSite callSite, RuntimeResolverContext context)
   at Microsoft.Extensions.DependencyInjection.ServiceLookup.CallSiteVisitor`2.VisitCallSite(ServiceCallSite callSite, TArgument argument)
   at Microsoft.Extensions.DependencyInjection.ServiceLookup.CallSiteRuntimeResolver.VisitConstructor(ConstructorCallSite constructorCallSite, RuntimeResolverContext context)
   at Microsoft.Extensions.DependencyInjection.ServiceLookup.CallSiteRuntimeResolver.VisitCache(ServiceCallSite callSite, RuntimeResolverContext context, ServiceProviderEngineScope serviceProviderEngine, RuntimeResolverLock lockType)
   at Microsoft.Extensions.DependencyInjection.ServiceLookup.CallSiteRuntimeResolver.VisitScopeCache(ServiceCallSite callSite, RuntimeResolverContext context)
   at Microsoft.Extensions.DependencyInjection.ServiceLookup.CallSiteVisitor`2.VisitCallSite(ServiceCallSite callSite, TArgument argument)
   at Microsoft.Extensions.DependencyInjection.ServiceLookup.CallSiteRuntimeResolver.VisitConstructor(ConstructorCallSite constructorCallSite, RuntimeResolverContext context)
   at Microsoft.Extensions.DependencyInjection.ServiceLookup.CallSiteRuntimeResolver.VisitDisposeCache(ServiceCallSite transientCallSite, RuntimeResolverContext context)
   at Microsoft.Extensions.DependencyInjection.ServiceLookup.CallSiteVisitor`2.VisitCallSite(ServiceCallSite callSite, TArgument argument)
   at Microsoft.Extensions.DependencyInjection.ServiceLookup.CallSiteRuntimeResolver.Resolve(ServiceCallSite callSite, ServiceProviderEngineScope scope)
   at Microsoft.Extensions.DependencyInjection.ServiceLookup.DynamicServiceProviderEngine.<>c__DisplayClass2_0.<RealizeService>b__0(ServiceProviderEngineScope scope)
   at Microsoft.Extensions.DependencyInjection.ServiceProvider.GetService(ServiceIdentifier serviceIdentifier, ServiceProviderEngineScope serviceProviderEngineScope)
   at Microsoft.Extensions.DependencyInjection.ServiceLookup.ServiceProviderEngineScope.GetService(Type serviceType)
   at Microsoft.Extensions.DependencyInjection.ServiceProviderServiceExtensions.GetRequiredService(IServiceProvider provider, Type serviceType)
   at Microsoft.Extensions.DependencyInjection.ServiceProviderServiceExtensions.GetRequiredService[T](IServiceProvider provider)
   at MediatR.Wrappers.RequestHandlerWrapperImpl`2.<>c__DisplayClass1_0.<Handle>g__Handler|0(CancellationToken t)
   at MediatR.Wrappers.RequestHandlerWrapperImpl`2.Handle(IRequest`1 request, IServiceProvider serviceProvider, CancellationToken cancellationToken)
   at MediatR.Mediator.Send[TResponse](IRequest`1 request, CancellationToken cancellationToken)
   at KayraExportTask2API.Controllers.ProductController.GetAllProducts() in C:\Users\Furkan Recep Çınar\source\repos\kayra-export-task-2\backend\KayraExportTask2\KayraExportTask2API\Controllers\ProductController.cs:line 31
   at Microsoft.AspNetCore.Mvc.Infrastructure.ActionMethodExecutor.TaskOfIActionResultExecutor.Execute(ActionContext actionContext, IActionResultTypeMapper mapper, ObjectMethodExecutor executor, Object controller, Object[] arguments)
   at Microsoft.AspNetCore.Mvc.Infrastructure.ControllerActionInvoker.<InvokeActionMethodAsync>g__Awaited|12_0(ControllerActionInvoker invoker, ValueTask`1 actionResultValueTask)
   at Microsoft.AspNetCore.Mvc.Infrastructure.ControllerActionInvoker.<InvokeNextActionFilterAsync>g__Awaited|10_0(ControllerActionInvoker invoker, Task lastTask, State next, Scope scope, Object state, Boolean isCompleted)
   at Microsoft.AspNetCore.Mvc.Infrastructure.ControllerActionInvoker.Rethrow(ActionExecutedContextSealed context)
   at Microsoft.AspNetCore.Mvc.Infrastructure.ControllerActionInvoker.Next(State& next, Scope& scope, Object& state, Boolean& isCompleted)
   at Microsoft.AspNetCore.Mvc.Infrastructure.ControllerActionInvoker.InvokeInnerFilterAsync()
--- End of stack trace from previous location ---
   at Microsoft.AspNetCore.Mvc.Infrastructure.ResourceInvoker.<InvokeFilterPipelineAsync>g__Awaited|20_0(ResourceInvoker invoker, Task lastTask, State next, Scope scope, Object state, Boolean isCompleted)
   at Microsoft.AspNetCore.Mvc.Infrastructure.ResourceInvoker.<InvokeAsync>g__Awaited|17_0(ResourceInvoker invoker, Task task, IDisposable scope)
   at Microsoft.AspNetCore.Mvc.Infrastructure.ResourceInvoker.<InvokeAsync>g__Awaited|17_0(ResourceInvoker invoker, Task task, IDisposable scope)
   at Microsoft.AspNetCore.Routing.EndpointMiddleware.<Invoke>g__AwaitRequestTask|6_0(Endpoint endpoint, Task requestTask, ILogger logger)
   at Serilog.AspNetCore.RequestLoggingMiddleware.Invoke(HttpContext httpContext)
   at KayraExportTask2API.Middlewares.ExceptionHandlerMiddleware.InvokeAsync(HttpContext httpContext) in C:\Users\Furkan Recep Çınar\source\repos\kayra-export-task-2\backend\KayraExportTask2\KayraExportTask2API\Middlewares\ExceptionHandlerMiddleware.cs:line 23
2025-08-23 09:33:26.723 +03:00 [WRN] Compiling a query which loads related collections for more than one collection navigation, either via 'Include' or through projection, but no 'QuerySplittingBehavior' has been configured. By default, Entity Framework will use 'QuerySplittingBehavior.SingleQuery', which can potentially result in slow query performance. See https://go.microsoft.com/fwlink/?linkid=2134277 for more information. To identify the query that's triggering this warning call 'ConfigureWarnings(w => w.Throw(RelationalEventId.MultipleCollectionIncludeWarning))'.
2025-08-23 09:33:27.274 +03:00 [INF] HTTP GET /api/Product responded 200 in 2363.8318 ms
2025-08-23 09:34:29.805 +03:00 [INF] HTTP GET /api/Product responded 200 in 25.3180 ms
2025-08-23 09:34:41.580 +03:00 [INF] HTTP GET /api/Product responded 200 in 10.6280 ms
2025-08-23 09:35:11.012 +03:00 [INF] HTTP GET /api/Product responded 200 in 9.5947 ms
2025-08-23 09:35:47.383 +03:00 [INF] HTTP GET /api/Product responded 200 in 3.3461 ms
2025-08-23 09:35:52.542 +03:00 [INF] HTTP GET /api/Product responded 200 in 3.5346 ms
2025-08-23 09:38:40.956 +03:00 [INF] HTTP GET /favicon.ico responded 404 in 0.0617 ms
2025-08-23 09:38:56.742 +03:00 [INF] HTTP GET /api/Product responded 200 in 5.0916 ms
2025-08-23 09:39:17.406 +03:00 [INF] HTTP GET /api/Product responded 200 in 3.3284 ms
2025-08-23 09:39:20.497 +03:00 [INF] HTTP GET /api/Product responded 200 in 4.2263 ms
2025-08-23 09:39:23.944 +03:00 [INF] HTTP GET /apiproduct-1.jpg responded 404 in 0.0072 ms
2025-08-23 09:39:44.227 +03:00 [INF] HTTP GET /api/Product responded 200 in 5.1773 ms
2025-08-23 09:41:13.395 +03:00 [INF] HTTP GET /api/Product responded 200 in 12.9978 ms
2025-08-23 09:41:17.674 +03:00 [INF] HTTP GET /api/Product responded 200 in 3.8018 ms
2025-08-23 09:41:32.652 +03:00 [INF] HTTP GET /api/Product responded 200 in 3.7210 ms
2025-08-23 09:41:36.110 +03:00 [INF] HTTP GET /api/Product responded 200 in 3.4576 ms
2025-08-23 09:41:37.377 +03:00 [INF] HTTP GET /api/Product responded 200 in 4.1516 ms
2025-08-23 09:41:41.479 +03:00 [INF] HTTP GET /api/Product responded 200 in 3.7625 ms
2025-08-23 09:41:47.926 +03:00 [INF] HTTP GET /api/Product responded 200 in 5.3890 ms
2025-08-23 09:41:49.588 +03:00 [INF] HTTP GET /api/Product responded 200 in 3.4100 ms
2025-08-23 09:41:51.053 +03:00 [INF] HTTP GET /api/Product responded 200 in 3.4695 ms
2025-08-23 09:42:24.301 +03:00 [INF] HTTP GET /api/Product responded 200 in 9.5291 ms
2025-08-23 09:42:27.982 +03:00 [INF] HTTP GET /api/Product responded 200 in 3.5479 ms
2025-08-23 09:42:41.680 +03:00 [INF] HTTP GET /api/Product responded 200 in 3.6689 ms
2025-08-23 09:43:28.532 +03:00 [INF] HTTP GET /api/Product responded 200 in 6.0321 ms
2025-08-23 09:43:57.333 +03:00 [INF] HTTP GET /api/Product responded 200 in 2.7350 ms
2025-08-23 09:44:15.013 +03:00 [INF] HTTP GET /api/Product responded 200 in 7.8725 ms
2025-08-23 09:44:17.513 +03:00 [INF] HTTP GET /api/Product responded 200 in 2.2361 ms
2025-08-23 09:44:24.824 +03:00 [INF] HTTP GET /api/Product responded 200 in 3.0789 ms
2025-08-23 09:45:08.260 +03:00 [INF] HTTP GET /api/Product responded 200 in 9.5904 ms
2025-08-23 09:45:15.613 +03:00 [INF] HTTP GET /api/Product responded 200 in 5.6321 ms
2025-08-23 09:45:15.614 +03:00 [INF] HTTP GET /api/Product responded 200 in 6.4753 ms
2025-08-23 09:45:47.324 +03:00 [INF] HTTP GET /api/Product responded 200 in 8.3048 ms
2025-08-23 09:45:50.761 +03:00 [INF] HTTP GET /api/Product responded 200 in 2.9922 ms
2025-08-23 09:45:55.903 +03:00 [INF] HTTP GET /api/Product responded 200 in 2.8254 ms
2025-08-23 09:45:57.240 +03:00 [INF] HTTP GET /api/Product responded 200 in 2.5232 ms
2025-08-23 09:46:00.230 +03:00 [INF] HTTP GET /api/Product responded 200 in 2.6498 ms
2025-08-23 09:46:01.231 +03:00 [INF] HTTP GET /api/Product responded 200 in 2.3595 ms
2025-08-23 09:46:06.295 +03:00 [INF] HTTP GET /api/Product responded 200 in 5.0191 ms
2025-08-23 09:49:30.671 +03:00 [INF] HTTP GET /api/Product responded 200 in 94.4792 ms
2025-08-23 09:49:33.619 +03:00 [INF] HTTP GET /api/Product responded 200 in 2.4607 ms
2025-08-23 09:50:55.693 +03:00 [INF] HTTP GET /api/Product responded 200 in 4.2005 ms
2025-08-23 09:51:10.590 +03:00 [INF] HTTP GET /api/Product responded 200 in 2.2576 ms
2025-08-23 09:51:16.563 +03:00 [INF] HTTP GET /api/Product responded 200 in 2.0589 ms
2025-08-23 09:54:08.565 +03:00 [INF] HTTP GET /api/Product responded 200 in 38.8181 ms
2025-08-23 09:54:24.388 +03:00 [INF] HTTP GET /api/Product responded 200 in 2.5470 ms
2025-08-23 09:54:43.138 +03:00 [INF] HTTP GET /api/Product responded 200 in 2.4658 ms
2025-08-23 09:56:21.243 +03:00 [INF] HTTP GET /api/Product responded 200 in 5.7574 ms
2025-08-23 09:56:45.635 +03:00 [INF] HTTP GET /api/Product responded 200 in 2.3021 ms
2025-08-23 09:56:49.409 +03:00 [INF] HTTP GET /api/Product responded 200 in 2.8393 ms
2025-08-23 09:57:55.537 +03:00 [INF] HTTP GET /api/Product responded 200 in 6.5491 ms
2025-08-23 09:58:42.738 +03:00 [INF] HTTP GET /api/Product responded 200 in 2.6570 ms
2025-08-23 09:59:10.338 +03:00 [INF] HTTP GET /api/Product responded 200 in 14.7030 ms
2025-08-23 09:59:27.209 +03:00 [INF] HTTP GET /api/Product responded 200 in 2547.2548 ms
2025-08-23 10:00:28.828 +03:00 [INF] HTTP GET /api/Product/filter responded 200 in 2713.9894 ms
2025-08-23 10:00:45.482 +03:00 [INF] HTTP GET /api/Product/filter responded 200 in 12905.2135 ms
2025-08-23 10:00:53.781 +03:00 [INF] HTTP GET /api/Product/filter responded 200 in 1891.1800 ms
2025-08-23 10:03:47.857 +03:00 [INF] HTTP GET /api/Product/filter responded 200 in 4995.1173 ms
2025-08-23 10:03:54.679 +03:00 [INF] HTTP GET /api/Product/filter responded 200 in 10.4259 ms
2025-08-23 10:03:57.272 +03:00 [INF] HTTP GET /api/Product/filter responded 200 in 22.2825 ms
2025-08-23 10:04:14.810 +03:00 [INF] HTTP GET /api/Product/filter responded 200 in 33.0658 ms
2025-08-23 10:05:05.549 +03:00 [INF] HTTP GET /api/Product/filter responded 200 in 21.2351 ms
2025-08-23 10:05:25.289 +03:00 [INF] HTTP GET /api/Product/filter responded 200 in 21.6349 ms
2025-08-23 10:05:27.130 +03:00 [INF] HTTP GET /api/Product/filter responded 200 in 4.9134 ms
2025-08-23 10:06:23.463 +03:00 [INF] HTTP GET /api/Product/filter responded 200 in 9.7238 ms
2025-08-23 10:06:58.695 +03:00 [INF] HTTP GET /api/Product/filter responded 200 in 51.2474 ms
2025-08-23 10:07:07.978 +03:00 [INF] HTTP GET /api/Product/filter responded 200 in 15.4518 ms
2025-08-23 10:10:11.183 +03:00 [INF] HTTP GET /api/Product/filter responded 200 in 7.7602 ms
2025-08-23 10:10:16.067 +03:00 [INF] HTTP GET /api/Product/filter responded 200 in 42.1881 ms
2025-08-23 10:10:16.151 +03:00 [INF] HTTP GET /api/Product/filter responded 200 in 4.3642 ms
2025-08-23 10:10:16.275 +03:00 [INF] HTTP GET /api/Product/filter responded 200 in 10.2211 ms
2025-08-23 10:10:17.263 +03:00 [INF] HTTP GET /api/Product/filter responded 200 in 3.1446 ms
2025-08-23 10:10:17.478 +03:00 [INF] HTTP GET /api/Product/filter responded 200 in 2.1010 ms
2025-08-23 10:10:17.693 +03:00 [INF] HTTP GET /api/Product/filter responded 200 in 2.5830 ms
2025-08-23 10:10:18.861 +03:00 [INF] HTTP GET /api/Product/filter responded 200 in 5.5374 ms
2025-08-23 10:10:18.973 +03:00 [INF] HTTP GET /api/Product/filter responded 200 in 4.2902 ms
2025-08-23 10:10:19.156 +03:00 [INF] HTTP GET /api/Product/filter responded 200 in 10.5500 ms
2025-08-23 10:10:19.408 +03:00 [INF] HTTP GET /api/Product/filter responded 200 in 4.7258 ms
2025-08-23 10:10:19.568 +03:00 [INF] HTTP GET /api/Product/filter responded 200 in 5.4657 ms
2025-08-23 10:10:19.799 +03:00 [INF] HTTP GET /api/Product/filter responded 200 in 3.4351 ms
2025-08-23 10:10:23.485 +03:00 [INF] HTTP GET /api/Product/filter responded 200 in 4.4132 ms
2025-08-23 10:10:26.529 +03:00 [INF] HTTP GET /api/Product/filter responded 200 in 3.9905 ms
2025-08-23 10:10:29.940 +03:00 [INF] HTTP GET /api/Product/filter responded 200 in 6.5190 ms
2025-08-23 10:10:33.887 +03:00 [INF] HTTP GET /api/Product/filter responded 200 in 3.1525 ms
2025-08-23 10:11:10.662 +03:00 [INF] HTTP GET /api/Product/filter responded 200 in 13.2259 ms
2025-08-23 10:11:51.164 +03:00 [INF] HTTP GET /api/Product/filter responded 200 in 8.6592 ms
2025-08-23 10:11:55.232 +03:00 [INF] HTTP GET /api/Product/filter responded 200 in 6.7855 ms
2025-08-23 10:12:00.526 +03:00 [INF] HTTP GET /api/Product/filter responded 200 in 50.3189 ms
2025-08-23 10:12:03.189 +03:00 [INF] HTTP GET /api/Product/filter responded 200 in 2.1297 ms
2025-08-23 10:13:46.298 +03:00 [INF] HTTP GET /api/Product/filter responded 200 in 11.6472 ms
2025-08-23 10:20:42.114 +03:00 [INF] HTTP GET /api/Product/filter responded 200 in 78.9918 ms
2025-08-23 10:20:42.135 +03:00 [INF] HTTP GET /api/Product/filter responded 200 in 10.5856 ms
2025-08-23 10:20:42.228 +03:00 [INF] HTTP GET /api/Product/filter responded 200 in 10.6598 ms
2025-08-23 10:20:42.631 +03:00 [INF] HTTP GET /api/Product/filter responded 200 in 4.9150 ms
2025-08-23 10:20:42.744 +03:00 [INF] HTTP GET /api/Product/filter responded 200 in 3.5093 ms
2025-08-23 10:20:42.888 +03:00 [INF] HTTP GET /api/Product/filter responded 200 in 10.2129 ms
2025-08-23 10:20:47.517 +03:00 [INF] HTTP GET /api/Product/filter responded 200 in 6.2735 ms
2025-08-23 10:20:49.754 +03:00 [INF] HTTP GET /api/Product/filter responded 200 in 2.6251 ms
2025-08-23 10:41:57.872 +03:00 [INF] HTTP GET /api/Product/filter responded 200 in 110.9693 ms
2025-08-23 10:41:59.701 +03:00 [INF] HTTP GET /api/Product/0dabbe6f-5061-46ac-81da-5888df2836a2 responded 200 in 59.7801 ms
2025-08-23 10:41:59.739 +03:00 [INF] HTTP GET /api/Product/0dabbe6f-5061-46ac-81da-5888df2836a2 responded 200 in 97.3299 ms
2025-08-23 10:42:17.994 +03:00 [INF] HTTP GET /api/Product/0dabbe6f-5061-46ac-81da-5888df2836a2 responded 200 in 4.6887 ms
2025-08-23 10:42:29.336 +03:00 [INF] HTTP GET /api/Product/0dabbe6f-5061-46ac-81da-5888df2836a2 responded 200 in 2.9628 ms
2025-08-23 10:43:52.110 +03:00 [INF] HTTP GET /api/Product/0dabbe6f-5061-46ac-81da-5888df2836a2 responded 200 in 4.1292 ms
2025-08-23 10:44:21.378 +03:00 [INF] HTTP GET /api/Product/0dabbe6f-5061-46ac-81da-5888df2836a2 responded 200 in 11.3923 ms
2025-08-23 10:44:23.163 +03:00 [INF] HTTP GET /api/Product/0dabbe6f-5061-46ac-81da-5888df2836a2 responded 200 in 3.5351 ms
2025-08-23 10:44:55.643 +03:00 [INF] HTTP GET /api/Product/0dabbe6f-5061-46ac-81da-5888df2836a2 responded 200 in 8.7423 ms
2025-08-23 10:44:58.075 +03:00 [INF] HTTP GET /api/Product/0dabbe6f-5061-46ac-81da-5888df2836a2 responded 200 in 3.2408 ms
2025-08-23 10:44:59.370 +03:00 [INF] HTTP GET /api/Product/0dabbe6f-5061-46ac-81da-5888df2836a2 responded 200 in 3.1522 ms
2025-08-23 10:45:00.796 +03:00 [INF] HTTP GET /api/Product/0dabbe6f-5061-46ac-81da-5888df2836a2 responded 200 in 2.6987 ms
2025-08-23 10:45:03.600 +03:00 [INF] HTTP GET /api/Product/0dabbe6f-5061-46ac-81da-5888df2836a2 responded 200 in 3.8978 ms
2025-08-23 10:45:10.185 +03:00 [INF] HTTP GET /api/Product/0dabbe6f-5061-46ac-81da-5888df2836a2 responded 200 in 3.1181 ms
2025-08-23 10:45:16.329 +03:00 [INF] HTTP GET /api/Product/0dabbe6f-5061-46ac-81da-5888df2836a2 responded 200 in 3.3762 ms
2025-08-23 10:45:32.830 +03:00 [INF] HTTP GET /api/Product/filter responded 200 in 2.7701 ms
2025-08-23 10:45:32.834 +03:00 [INF] HTTP GET /api/Product/filter responded 200 in 2.2253 ms
2025-08-23 10:45:35.925 +03:00 [INF] HTTP GET /api/Product/fdce0f99-a7b0-495e-8906-f096f388add1 responded 200 in 7.3802 ms
2025-08-23 10:45:35.930 +03:00 [INF] HTTP GET /api/Product/fdce0f99-a7b0-495e-8906-f096f388add1 responded 200 in 2.6901 ms
2025-08-23 10:45:46.556 +03:00 [INF] HTTP GET /api/Product/filter responded 200 in 3.2533 ms
2025-08-23 10:45:46.566 +03:00 [INF] HTTP GET /api/Product/filter responded 200 in 6.6342 ms
2025-08-23 10:45:56.856 +03:00 [INF] HTTP GET /api/Product/0dabbe6f-5061-46ac-81da-5888df2836a2 responded 200 in 3.0398 ms
2025-08-23 10:45:56.860 +03:00 [INF] HTTP GET /api/Product/0dabbe6f-5061-46ac-81da-5888df2836a2 responded 200 in 2.2350 ms
2025-08-23 10:53:58.449 +03:00 [INF] HTTP GET /api/Product/filter responded 200 in 55.0361 ms
2025-08-23 10:54:01.522 +03:00 [INF] HTTP GET /api/Product/undefined responded 400 in 24.3139 ms
2025-08-23 10:54:01.550 +03:00 [INF] HTTP GET /api/Product/undefined responded 400 in 0.9292 ms
2025-08-23 10:54:01.599 +03:00 [INF] HTTP GET /api/Product/undefined responded 400 in 0.5741 ms
2025-08-23 10:54:01.608 +03:00 [INF] HTTP GET /api/Product/undefined responded 400 in 0.8704 ms
2025-08-23 10:54:57.675 +03:00 [INF] HTTP GET /api/Product/undefined responded 400 in 0.7165 ms
2025-08-23 10:54:58.683 +03:00 [INF] HTTP GET /api/Product/undefined responded 400 in 0.5883 ms
2025-08-23 10:55:03.879 +03:00 [INF] HTTP GET /api/Product/undefined responded 400 in 0.5704 ms
2025-08-23 10:55:04.086 +03:00 [INF] HTTP GET /api/Product/undefined responded 400 in 0.9401 ms
2025-08-23 10:55:07.377 +03:00 [INF] HTTP GET /api/Product/undefined responded 400 in 0.5113 ms
2025-08-23 10:55:11.629 +03:00 [INF] HTTP GET /api/Product/undefined responded 400 in 0.7320 ms
2025-08-23 10:55:11.978 +03:00 [INF] HTTP GET /api/Product/undefined responded 400 in 0.8224 ms
2025-08-23 10:55:11.981 +03:00 [INF] HTTP GET /api/Product/undefined responded 400 in 0.9287 ms
2025-08-23 10:55:12.189 +03:00 [INF] HTTP GET /api/Product/undefined responded 400 in 0.6333 ms
2025-08-23 10:55:12.236 +03:00 [INF] HTTP GET /api/Product/undefined responded 400 in 0.8814 ms
2025-08-23 10:55:12.442 +03:00 [INF] HTTP GET /api/Product/undefined responded 400 in 0.5275 ms
2025-08-23 10:55:13.854 +03:00 [INF] HTTP GET /api/Product/undefined responded 400 in 0.7323 ms
2025-08-23 10:55:13.872 +03:00 [INF] HTTP GET /api/Product/fdce0f99-a7b0-495e-8906-f096f388add1 responded 200 in 3.7600 ms
2025-08-23 10:55:13.997 +03:00 [INF] HTTP GET /api/Product/fdce0f99-a7b0-495e-8906-f096f388add1 responded 200 in 2.6145 ms
2025-08-23 10:55:29.066 +03:00 [INF] HTTP GET /api/Product/fdce0f99-a7b0-495e-8906-f096f388add1 responded 200 in 3.3777 ms
2025-08-23 10:55:29.066 +03:00 [INF] HTTP GET /api/Product/undefined responded 400 in 0.5901 ms
2025-08-23 10:55:29.131 +03:00 [INF] HTTP GET /api/Product/fdce0f99-a7b0-495e-8906-f096f388add1 responded 200 in 2.7635 ms
2025-08-23 10:55:31.805 +03:00 [INF] HTTP GET /api/Product/undefined responded 400 in 0.5266 ms
2025-08-23 10:55:31.822 +03:00 [INF] HTTP GET /api/Product/fdce0f99-a7b0-495e-8906-f096f388add1 responded 200 in 2.7147 ms
2025-08-23 10:55:31.914 +03:00 [INF] HTTP GET /api/Product/fdce0f99-a7b0-495e-8906-f096f388add1 responded 200 in 2.9829 ms
2025-08-23 10:55:41.305 +03:00 [INF] HTTP GET /api/Product/undefined responded 400 in 0.5793 ms
2025-08-23 10:55:41.305 +03:00 [INF] HTTP GET /api/Product/undefined responded 400 in 0.4920 ms
2025-08-23 10:55:41.518 +03:00 [INF] HTTP GET /api/Product/undefined responded 400 in 0.5337 ms
2025-08-23 10:55:41.723 +03:00 [INF] HTTP GET /api/Product/undefined responded 400 in 0.7136 ms
2025-08-23 10:55:41.758 +03:00 [INF] HTTP GET /api/Product/undefined responded 400 in 0.8076 ms
2025-08-23 10:55:41.997 +03:00 [INF] HTTP GET /api/Product/undefined responded 400 in 0.5827 ms
2025-08-23 10:55:51.442 +03:00 [INF] HTTP GET /api/Product/undefined responded 400 in 0.6876 ms
2025-08-23 10:55:51.644 +03:00 [INF] HTTP GET /api/Product/undefined responded 400 in 1.1162 ms
2025-08-23 10:57:14.422 +03:00 [INF] HTTP GET /api/Product/undefined responded 400 in 33.2694 ms
2025-08-23 10:57:14.629 +03:00 [INF] HTTP GET /api/Product/undefined responded 400 in 0.7902 ms
2025-08-23 10:57:53.132 +03:00 [INF] HTTP GET /api/Product/undefined responded 400 in 5.8404 ms
2025-08-23 10:57:53.389 +03:00 [INF] HTTP GET /api/Product/undefined responded 400 in 0.5858 ms
2025-08-23 10:57:58.884 +03:00 [INF] HTTP GET /api/Product/undefined responded 400 in 0.5964 ms
2025-08-23 10:57:58.888 +03:00 [INF] HTTP GET /api/Product/fdce0f99-a7b0-495e-8906-f096f388add1 responded 200 in 3.3547 ms
2025-08-23 10:57:58.954 +03:00 [INF] HTTP GET /api/Product/fdce0f99-a7b0-495e-8906-f096f388add1 responded 200 in 2.7180 ms
2025-08-23 10:58:09.352 +03:00 [INF] HTTP GET /api/Product/undefined responded 400 in 0.5622 ms
2025-08-23 10:58:09.363 +03:00 [INF] HTTP GET /api/Product/fdce0f99-a7b0-495e-8906-f096f388add1 responded 200 in 2.4328 ms
2025-08-23 10:58:09.381 +03:00 [INF] HTTP GET /api/Product/fdce0f99-a7b0-495e-8906-f096f388add1 responded 200 in 2.3056 ms
2025-08-23 10:58:20.032 +03:00 [INF] HTTP GET /api/Product/undefined responded 400 in 0.4577 ms
2025-08-23 10:58:20.034 +03:00 [INF] HTTP GET /api/Product/fdce0f99-a7b0-495e-8906-f096f388add1 responded 200 in 2.6634 ms
2025-08-23 10:58:20.085 +03:00 [INF] HTTP GET /api/Product/fdce0f99-a7b0-495e-8906-f096f388add1 responded 200 in 2.2095 ms
2025-08-23 10:59:15.794 +03:00 [INF] HTTP GET /api/Product/undefined responded 400 in 0.7128 ms
2025-08-23 10:59:22.440 +03:00 [INF] HTTP GET /api/Product/undefined responded 400 in 1.0211 ms
2025-08-23 10:59:22.445 +03:00 [INF] HTTP GET /api/Product/fdce0f99-a7b0-495e-8906-f096f388add1 responded 200 in 4.8574 ms
2025-08-23 10:59:22.483 +03:00 [INF] HTTP GET /api/Product/fdce0f99-a7b0-495e-8906-f096f388add1 responded 200 in 3.5702 ms
2025-08-23 11:00:04.551 +03:00 [INF] HTTP GET /api/Product/undefined responded 400 in 3.3366 ms
2025-08-23 11:00:04.554 +03:00 [INF] HTTP GET /api/Product/fdce0f99-a7b0-495e-8906-f096f388add1 responded 200 in 6.3294 ms
2025-08-23 11:00:04.593 +03:00 [INF] HTTP GET /api/Product/fdce0f99-a7b0-495e-8906-f096f388add1 responded 200 in 2.3746 ms
2025-08-23 11:00:16.138 +03:00 [INF] HTTP GET /api/Product/fdce0f99-a7b0-495e-8906-f096f388add1 responded 200 in 2.8493 ms
2025-08-23 11:00:16.138 +03:00 [INF] HTTP GET /api/Product/undefined responded 400 in 1.2374 ms
2025-08-23 11:00:16.184 +03:00 [INF] HTTP GET /api/Product/fdce0f99-a7b0-495e-8906-f096f388add1 responded 200 in 2.6449 ms
2025-08-23 11:00:55.361 +03:00 [INF] HTTP GET /api/Product/undefined responded 400 in 35.0275 ms
2025-08-23 11:00:55.415 +03:00 [INF] HTTP GET /api/Product/fdce0f99-a7b0-495e-8906-f096f388add1 responded 200 in 89.0851 ms
2025-08-23 11:00:55.560 +03:00 [INF] HTTP GET /api/Product/fdce0f99-a7b0-495e-8906-f096f388add1 responded 200 in 160.6050 ms
2025-08-23 11:01:02.125 +03:00 [INF] HTTP GET /api/Product/undefined responded 400 in 0.4850 ms
2025-08-23 11:01:02.128 +03:00 [INF] HTTP GET /api/Product/fdce0f99-a7b0-495e-8906-f096f388add1 responded 200 in 2.5992 ms
2025-08-23 11:01:02.163 +03:00 [INF] HTTP GET /api/Product/fdce0f99-a7b0-495e-8906-f096f388add1 responded 200 in 2.5973 ms
2025-08-23 11:01:38.283 +03:00 [INF] HTTP GET /api/Product/undefined responded 400 in 0.8223 ms
2025-08-23 11:01:38.285 +03:00 [INF] HTTP GET /api/Product/fdce0f99-a7b0-495e-8906-f096f388add1 responded 200 in 3.6768 ms
2025-08-23 11:01:38.340 +03:00 [INF] HTTP GET /api/Product/fdce0f99-a7b0-495e-8906-f096f388add1 responded 200 in 2.8298 ms
2025-08-23 11:03:16.018 +03:00 [INF] HTTP GET /api/Product/fdce0f99-a7b0-495e-8906-f096f388add1 responded 200 in 4.6321 ms
2025-08-23 11:03:16.026 +03:00 [INF] HTTP GET /api/Product/fdce0f99-a7b0-495e-8906-f096f388add1 responded 200 in 12.9958 ms
2025-08-23 11:03:16.164 +03:00 [INF] HTTP GET /api/Product/fdce0f99-a7b0-495e-8906-f096f388add1 responded 200 in 3.0732 ms
2025-08-23 11:03:30.587 +03:00 [INF] HTTP GET /api/Product/filter responded 200 in 8.1078 ms
2025-08-23 11:03:30.590 +03:00 [INF] HTTP GET /api/Product/filter responded 200 in 11.1353 ms
2025-08-23 11:03:32.561 +03:00 [INF] HTTP GET /api/Product/0dabbe6f-5061-46ac-81da-5888df2836a2 responded 200 in 8.7342 ms
2025-08-23 13:17:33.873 +03:00 [WRN] You do not have a valid license key for the Lucky Penny software MediatR. This is allowed for development and testing scenarios. If you are running in production you are required to have a licensed version. Please visit https://luckypennysoftware.com to obtain a valid license.
2025-08-23 13:17:35.979 +03:00 [INF] HTTP GET /api/Product/filter responded 200 in 2196.3827 ms
2025-08-23 13:17:39.289 +03:00 [INF] HTTP GET /api/Product/fdce0f99-a7b0-495e-8906-f096f388add1 responded 200 in 68.9075 ms
2025-08-23 13:17:47.772 +03:00 [INF] HTTP GET /api/Product/filter responded 200 in 11.8751 ms
2025-08-23 13:17:47.780 +03:00 [INF] HTTP GET /api/Product/filter responded 200 in 5.3158 ms
2025-08-23 13:17:48.470 +03:00 [INF] HTTP GET /api/Product/0dabbe6f-5061-46ac-81da-5888df2836a2 responded 200 in 20.7144 ms
2025-08-23 13:17:52.334 +03:00 [INF] HTTP GET /api/Product/filter responded 200 in 3.4163 ms
2025-08-23 13:17:52.339 +03:00 [INF] HTTP GET /api/Product/filter responded 200 in 3.0419 ms
2025-08-23 13:17:56.728 +03:00 [INF] HTTP GET /api/Product/filter responded 200 in 14.7709 ms
2025-08-23 13:17:59.404 +03:00 [INF] HTTP GET /api/Product/filter responded 200 in 23.1778 ms
2025-08-23 13:17:59.533 +03:00 [INF] HTTP GET /api/Product/filter responded 200 in 7.2454 ms
2025-08-23 13:17:59.663 +03:00 [INF] HTTP GET /api/Product/filter responded 200 in 6.6571 ms
2025-08-23 13:18:00.046 +03:00 [INF] HTTP GET /api/Product/filter responded 200 in 2.7130 ms
2025-08-23 13:18:00.190 +03:00 [INF] HTTP GET /api/Product/filter responded 200 in 4.1295 ms
2025-08-23 13:18:00.390 +03:00 [INF] HTTP GET /api/Product/filter responded 200 in 6.2762 ms
2025-08-23 13:20:36.513 +03:00 [INF] HTTP GET /api/Product/filter responded 200 in 11.1147 ms
2025-08-23 13:21:31.658 +03:00 [INF] HTTP GET /api/Product/filter responded 200 in 9.5579 ms
2025-08-23 13:22:29.658 +03:00 [INF] HTTP GET /api/Product/filter responded 200 in 12.7235 ms
2025-08-23 13:22:42.652 +03:00 [INF] HTTP GET /api/Product/filter responded 200 in 2.9365 ms
2025-08-23 13:23:17.177 +03:00 [INF] HTTP GET /api/Product/filter responded 200 in 10.9558 ms
2025-08-23 13:23:52.782 +03:00 [INF] HTTP GET /api/Product/filter responded 200 in 3.6406 ms
2025-08-23 13:25:00.685 +03:00 [INF] HTTP POST /api/auth/login responded 200 in 405.4693 ms
2025-08-23 13:25:00.840 +03:00 [INF] HTTP GET /api/Product/filter responded 200 in 2.3627 ms
2025-08-23 13:25:00.852 +03:00 [INF] HTTP GET /api/Product/filter responded 200 in 8.9789 ms
2025-08-23 13:25:33.681 +03:00 [INF] HTTP GET /api/Product/filter responded 200 in 7.5392 ms
2025-08-23 13:25:33.692 +03:00 [INF] HTTP GET /api/Product/filter responded 200 in 8.9533 ms
2025-08-23 13:25:45.017 +03:00 [INF] HTTP GET /api/Product/filter responded 200 in 3.6693 ms
2025-08-23 13:25:45.023 +03:00 [INF] HTTP GET /api/Product/filter responded 200 in 3.3509 ms
2025-08-23 13:26:03.480 +03:00 [INF] HTTP GET /api/Product/filter responded 200 in 6.5493 ms
2025-08-23 13:26:04.429 +03:00 [INF] HTTP GET /api/Product/filter responded 200 in 3.4812 ms
2025-08-23 13:26:04.434 +03:00 [INF] HTTP GET /api/Product/filter responded 200 in 3.0180 ms
2025-08-23 13:26:06.808 +03:00 [INF] HTTP GET /api/Product/filter responded 200 in 3.0577 ms
2025-08-23 13:26:33.165 +03:00 [INF] HTTP POST /api/auth/login responded 200 in 145.9804 ms
2025-08-23 13:26:33.306 +03:00 [INF] HTTP GET /api/Product/filter responded 200 in 3.6831 ms
2025-08-23 13:26:33.311 +03:00 [INF] HTTP GET /api/Product/filter responded 200 in 3.2360 ms
2025-08-23 13:28:54.147 +03:00 [INF] HTTP GET /api/Product/filter responded 200 in 18.5236 ms
2025-08-23 13:28:58.402 +03:00 [INF] HTTP POST /api/auth/login responded 200 in 139.5346 ms
2025-08-23 13:30:44.045 +03:00 [INF] HTTP GET /api/Product/filter responded 200 in 7.4199 ms
2025-08-23 13:30:47.832 +03:00 [INF] HTTP POST /api/auth/login responded 200 in 176.7784 ms
2025-08-23 13:30:57.957 +03:00 [INF] HTTP GET /api/Product/filter responded 200 in 3.2713 ms
2025-08-23 13:30:57.969 +03:00 [INF] HTTP GET /api/Product/filter responded 200 in 9.2355 ms
2025-08-23 13:31:04.330 +03:00 [INF] HTTP POST /api/auth/login responded 200 in 136.4098 ms
2025-08-23 13:31:28.690 +03:00 [INF] HTTP GET /api/Product/filter responded 200 in 7.9014 ms
2025-08-23 13:31:28.700 +03:00 [INF] HTTP GET /api/Product/filter responded 200 in 2.7341 ms
2025-08-23 13:31:38.196 +03:00 [INF] HTTP POST /api/auth/login responded 200 in 139.7660 ms
2025-08-23 13:32:39.162 +03:00 [INF] HTTP GET /api/Product/filter responded 200 in 8.0587 ms
2025-08-23 13:32:39.166 +03:00 [INF] HTTP GET /api/Product/filter responded 200 in 2.4164 ms
2025-08-23 13:32:45.463 +03:00 [INF] HTTP POST /api/auth/login responded 200 in 137.4648 ms
2025-08-23 13:34:42.034 +03:00 [INF] HTTP GET /api/Product/filter responded 200 in 10.1952 ms
2025-08-23 13:34:42.043 +03:00 [INF] HTTP GET /api/Product/filter responded 200 in 8.8575 ms
2025-08-23 13:34:48.281 +03:00 [INF] HTTP POST /api/auth/login responded 200 in 139.7123 ms
2025-08-23 13:34:48.441 +03:00 [INF] HTTP GET /api/Product/filter responded 200 in 4.2055 ms
2025-08-23 13:34:48.446 +03:00 [INF] HTTP GET /api/Product/filter responded 200 in 3.0090 ms
2025-08-23 13:35:05.731 +03:00 [INF] HTTP GET /api/Product/filter responded 200 in 3.4840 ms
2025-08-23 13:35:57.039 +03:00 [INF] HTTP GET /api/Product/filter responded 200 in 15.3561 ms
2025-08-23 13:36:01.538 +03:00 [INF] HTTP POST /api/auth/login responded 200 in 167.8169 ms
2025-08-23 13:39:42.341 +03:00 [INF] HTTP GET /api/Product/filter responded 200 in 16.8493 ms
2025-08-23 13:39:42.353 +03:00 [INF] HTTP GET /api/Product/filter responded 200 in 10.3786 ms
2025-08-23 13:39:47.913 +03:00 [INF] HTTP POST /api/auth/login responded 200 in 139.1001 ms
2025-08-23 13:39:51.838 +03:00 [INF] HTTP GET /api/Product/filter responded 200 in 3.0342 ms
2025-08-23 13:39:51.842 +03:00 [INF] HTTP GET /api/Product/filter responded 200 in 2.7748 ms
2025-08-23 13:43:05.615 +03:00 [INF] HTTP GET /api/Product/filter responded 200 in 11.2102 ms
2025-08-23 13:43:53.010 +03:00 [INF] HTTP GET /api/Product/filter responded 200 in 12.6165 ms
2025-08-23 13:43:58.281 +03:00 [INF] HTTP GET /api/Product/fdce0f99-a7b0-495e-8906-f096f388add1 responded 200 in 46.4448 ms
2025-08-23 13:46:10.816 +03:00 [INF] HTTP GET /api/Product/fdce0f99-a7b0-495e-8906-f096f388add1 responded 200 in 3.3236 ms
2025-08-23 13:46:17.863 +03:00 [INF] HTTP GET /api/Product/filter responded 200 in 2.9786 ms
2025-08-23 13:46:17.870 +03:00 [INF] HTTP GET /api/Product/filter responded 200 in 6.9191 ms
2025-08-23 13:46:19.034 +03:00 [INF] HTTP GET /api/Product/fdce0f99-a7b0-495e-8906-f096f388add1 responded 200 in 5.9025 ms
2025-08-23 13:49:28.964 +03:00 [INF] HTTP GET /api/Product/filter responded 200 in 9.6358 ms
2025-08-23 13:49:28.973 +03:00 [INF] HTTP GET /api/Product/filter responded 200 in 8.9711 ms
2025-08-23 13:49:33.521 +03:00 [INF] HTTP GET /api/Product/0dabbe6f-5061-46ac-81da-5888df2836a2 responded 200 in 60.1287 ms
2025-08-23 13:49:40.496 +03:00 [INF] HTTP GET /api/Product/filter responded 200 in 2.8522 ms
2025-08-23 13:49:40.506 +03:00 [INF] HTTP GET /api/Product/filter responded 200 in 6.5053 ms
2025-08-23 13:52:40.516 +03:00 [INF] HTTP GET /api/Product/filter responded 200 in 22.0109 ms
2025-08-23 13:53:07.386 +03:00 [INF] HTTP GET /api/Product/0dabbe6f-5061-46ac-81da-5888df2836a2 responded 200 in 3.4054 ms
2025-08-23 13:55:07.856 +03:00 [INF] HTTP GET /api/Product/0dabbe6f-5061-46ac-81da-5888df2836a2 responded 200 in 3.5278 ms
2025-08-23 13:55:07.857 +03:00 [INF] HTTP GET /api/Product/0dabbe6f-5061-46ac-81da-5888df2836a2 responded 200 in 5.0355 ms
2025-08-23 13:55:08.018 +03:00 [INF] HTTP GET /api/Product/0dabbe6f-5061-46ac-81da-5888df2836a2 responded 200 in 3.4433 ms
2025-08-23 13:55:48.852 +03:00 [INF] HTTP GET /api/Product/0dabbe6f-5061-46ac-81da-5888df2836a2 responded 200 in 2.7524 ms
2025-08-23 13:55:49.098 +03:00 [INF] HTTP GET /api/Product/0dabbe6f-5061-46ac-81da-5888df2836a2 responded 200 in 3.1413 ms
2025-08-23 13:55:49.218 +03:00 [INF] HTTP GET /api/Product/0dabbe6f-5061-46ac-81da-5888df2836a2 responded 200 in 2.8235 ms
2025-08-23 13:56:06.770 +03:00 [INF] HTTP GET /api/Product/0dabbe6f-5061-46ac-81da-5888df2836a2 responded 200 in 2.5649 ms
2025-08-23 13:58:08.785 +03:00 [INF] HTTP GET /api/Product/0dabbe6f-5061-46ac-81da-5888df2836a2 responded 200 in 2.6958 ms
2025-08-23 13:59:18.755 +03:00 [INF] HTTP GET /api/Product/0dabbe6f-5061-46ac-81da-5888df2836a2 responded 200 in 2.2813 ms
2025-08-23 13:59:18.765 +03:00 [INF] HTTP GET /api/Product/0dabbe6f-5061-46ac-81da-5888df2836a2 responded 200 in 11.8536 ms
2025-08-23 14:00:54.602 +03:00 [INF] HTTP GET /api/Product/0dabbe6f-5061-46ac-81da-5888df2836a2 responded 200 in 6.0752 ms
2025-08-23 14:00:54.602 +03:00 [INF] HTTP GET /api/Product/0dabbe6f-5061-46ac-81da-5888df2836a2 responded 200 in 6.5558 ms
2025-08-23 14:01:25.759 +03:00 [INF] HTTP GET /api/Product/0dabbe6f-5061-46ac-81da-5888df2836a2 responded 200 in 9.6448 ms
2025-08-23 14:01:25.759 +03:00 [INF] HTTP GET /api/Product/0dabbe6f-5061-46ac-81da-5888df2836a2 responded 200 in 5.9217 ms
2025-08-23 14:01:42.665 +03:00 [INF] HTTP GET /api/Product/0dabbe6f-5061-46ac-81da-5888df2836a2 responded 200 in 3.1140 ms
2025-08-23 14:01:42.668 +03:00 [INF] HTTP GET /api/Product/0dabbe6f-5061-46ac-81da-5888df2836a2 responded 200 in 2.9292 ms
2025-08-23 14:02:08.711 +03:00 [INF] HTTP GET /api/Product/0dabbe6f-5061-46ac-81da-5888df2836a2 responded 200 in 4.3413 ms
2025-08-23 14:02:08.713 +03:00 [INF] HTTP GET /api/Product/0dabbe6f-5061-46ac-81da-5888df2836a2 responded 200 in 2.8560 ms
2025-08-23 14:02:20.941 +03:00 [INF] HTTP GET /api/Product/0dabbe6f-5061-46ac-81da-5888df2836a2 responded 200 in 25.4852 ms
2025-08-23 14:02:20.948 +03:00 [INF] HTTP GET /api/Product/0dabbe6f-5061-46ac-81da-5888df2836a2 responded 200 in 7.9659 ms
2025-08-23 14:03:17.010 +03:00 [INF] HTTP GET /api/Product/0dabbe6f-5061-46ac-81da-5888df2836a2 responded 200 in 3.1645 ms
2025-08-23 14:03:17.081 +03:00 [INF] HTTP GET /api/Product/0dabbe6f-5061-46ac-81da-5888df2836a2 responded 200 in 2.6460 ms
2025-08-23 14:04:22.893 +03:00 [INF] HTTP GET /api/Product/0dabbe6f-5061-46ac-81da-5888df2836a2 responded 200 in 9.9745 ms
2025-08-23 14:04:22.902 +03:00 [INF] HTTP GET /api/Product/0dabbe6f-5061-46ac-81da-5888df2836a2 responded 200 in 18.2720 ms
2025-08-23 14:05:23.196 +03:00 [INF] HTTP GET /api/Product/0dabbe6f-5061-46ac-81da-5888df2836a2 responded 200 in 66.2618 ms
2025-08-23 14:05:23.307 +03:00 [INF] HTTP GET /api/Product/0dabbe6f-5061-46ac-81da-5888df2836a2 responded 200 in 177.8235 ms
2025-08-23 14:06:30.922 +03:00 [INF] HTTP GET /api/Product/0dabbe6f-5061-46ac-81da-5888df2836a2 responded 200 in 8.2679 ms
2025-08-23 14:06:30.922 +03:00 [INF] HTTP GET /api/Product/0dabbe6f-5061-46ac-81da-5888df2836a2 responded 200 in 8.4747 ms
2025-08-23 14:07:05.903 +03:00 [INF] HTTP GET /api/Product/0dabbe6f-5061-46ac-81da-5888df2836a2 responded 200 in 9.4731 ms
2025-08-23 14:07:05.905 +03:00 [INF] HTTP GET /api/Product/0dabbe6f-5061-46ac-81da-5888df2836a2 responded 200 in 6.5042 ms
2025-08-23 14:07:19.877 +03:00 [INF] HTTP GET /api/Product/0dabbe6f-5061-46ac-81da-5888df2836a2 responded 200 in 3.3189 ms
2025-08-23 14:07:20.053 +03:00 [INF] HTTP GET /api/Product/0dabbe6f-5061-46ac-81da-5888df2836a2 responded 200 in 2.7676 ms
2025-08-23 14:07:20.056 +03:00 [INF] HTTP GET /api/Product/0dabbe6f-5061-46ac-81da-5888df2836a2 responded 200 in 5.1983 ms
2025-08-23 14:07:55.715 +03:00 [INF] HTTP GET /api/Product/0dabbe6f-5061-46ac-81da-5888df2836a2 responded 200 in 3.3251 ms
2025-08-23 14:07:55.720 +03:00 [INF] HTTP GET /api/Product/0dabbe6f-5061-46ac-81da-5888df2836a2 responded 200 in 8.0285 ms
2025-08-23 14:08:17.510 +03:00 [INF] HTTP GET /api/Product/0dabbe6f-5061-46ac-81da-5888df2836a2 responded 200 in 3.3726 ms
2025-08-23 14:08:17.510 +03:00 [INF] HTTP GET /api/Product/0dabbe6f-5061-46ac-81da-5888df2836a2 responded 200 in 3.3508 ms
2025-08-23 14:09:32.959 +03:00 [INF] HTTP GET /api/Product/filter responded 200 in 11.0406 ms
2025-08-23 14:09:32.964 +03:00 [INF] HTTP GET /api/Product/filter responded 200 in 3.5723 ms
2025-08-23 14:10:37.844 +03:00 [INF] HTTP GET /api/Product/filter responded 200 in 7.7993 ms
2025-08-23 14:11:06.030 +03:00 [INF] HTTP GET /api/Product/filter responded 200 in 5.6539 ms
2025-08-23 14:11:15.419 +03:00 [INF] HTTP GET /api/Product/filter responded 200 in 2.8264 ms
2025-08-23 14:11:40.225 +03:00 [INF] HTTP GET /api/Product/filter responded 200 in 8.6185 ms
2025-08-23 14:11:49.874 +03:00 [INF] HTTP GET /api/Product/filter responded 200 in 2.6635 ms
2025-08-23 14:13:04.971 +03:00 [INF] HTTP GET /api/Product/filter responded 200 in 7.0249 ms
2025-08-23 14:14:14.008 +03:00 [INF] HTTP GET /api/Product/0dabbe6f-5061-46ac-81da-5888df2836a2 responded 200 in 2.9936 ms
2025-08-23 14:14:55.124 +03:00 [INF] HTTP GET /api/Product/0dabbe6f-5061-46ac-81da-5888df2836a2 responded 200 in 11.8070 ms
2025-08-23 14:14:55.126 +03:00 [INF] HTTP GET /api/Product/0dabbe6f-5061-46ac-81da-5888df2836a2 responded 200 in 13.7949 ms
2025-08-23 14:17:19.826 +03:00 [INF] HTTP GET /api/Product/0dabbe6f-5061-46ac-81da-5888df2836a2 responded 200 in 5.3469 ms
2025-08-23 14:17:19.827 +03:00 [INF] HTTP GET /api/Product/0dabbe6f-5061-46ac-81da-5888df2836a2 responded 200 in 6.3595 ms
2025-08-23 14:17:36.075 +03:00 [INF] HTTP GET /api/Product/0dabbe6f-5061-46ac-81da-5888df2836a2 responded 200 in 3.8823 ms
2025-08-23 14:17:36.075 +03:00 [INF] HTTP GET /api/Product/0dabbe6f-5061-46ac-81da-5888df2836a2 responded 200 in 3.9493 ms
2025-08-23 14:18:04.696 +03:00 [INF] HTTP GET /api/Product/0dabbe6f-5061-46ac-81da-5888df2836a2 responded 200 in 11.9158 ms
2025-08-23 14:18:04.698 +03:00 [INF] HTTP GET /api/Product/0dabbe6f-5061-46ac-81da-5888df2836a2 responded 200 in 13.2770 ms
2025-08-23 14:18:27.316 +03:00 [INF] HTTP GET /api/Product/0dabbe6f-5061-46ac-81da-5888df2836a2 responded 200 in 2.5241 ms
2025-08-23 14:18:27.319 +03:00 [INF] HTTP GET /api/Product/0dabbe6f-5061-46ac-81da-5888df2836a2 responded 200 in 2.6712 ms
2025-08-23 14:18:35.200 +03:00 [INF] HTTP GET /api/Product/0dabbe6f-5061-46ac-81da-5888df2836a2 responded 200 in 2.8978 ms
2025-08-23 14:18:35.200 +03:00 [INF] HTTP GET /api/Product/0dabbe6f-5061-46ac-81da-5888df2836a2 responded 200 in 3.3383 ms
2025-08-23 14:18:58.326 +03:00 [INF] HTTP GET /api/Product/0dabbe6f-5061-46ac-81da-5888df2836a2 responded 200 in 3.0883 ms
2025-08-23 14:18:58.326 +03:00 [INF] HTTP GET /api/Product/0dabbe6f-5061-46ac-81da-5888df2836a2 responded 200 in 3.4634 ms
2025-08-23 14:19:18.485 +03:00 [INF] HTTP GET /api/Product/0dabbe6f-5061-46ac-81da-5888df2836a2 responded 200 in 9.1298 ms
2025-08-23 14:19:18.485 +03:00 [INF] HTTP GET /api/Product/0dabbe6f-5061-46ac-81da-5888df2836a2 responded 200 in 3.6184 ms
2025-08-23 14:20:32.861 +03:00 [INF] HTTP GET /api/Product/0dabbe6f-5061-46ac-81da-5888df2836a2 responded 200 in 57.8474 ms
2025-08-23 14:20:32.862 +03:00 [INF] HTTP GET /api/Product/0dabbe6f-5061-46ac-81da-5888df2836a2 responded 200 in 67.3467 ms
2025-08-23 14:23:40.727 +03:00 [INF] HTTP GET /api/Product/0dabbe6f-5061-46ac-81da-5888df2836a2 responded 200 in 6.3580 ms
2025-08-23 14:23:40.737 +03:00 [INF] HTTP GET /api/Product/0dabbe6f-5061-46ac-81da-5888df2836a2 responded 200 in 9.8108 ms
2025-08-23 14:29:20.511 +03:00 [INF] HTTP GET /api/Product/filter responded 200 in 67.1762 ms
2025-08-23 14:29:25.187 +03:00 [INF] HTTP GET /api/Product/fdce0f99-a7b0-495e-8906-f096f388add1 responded 200 in 5.6738 ms
2025-08-23 14:29:31.835 +03:00 [INF] HTTP GET /api/Product/filter responded 200 in 5.3779 ms
2025-08-23 14:29:31.839 +03:00 [INF] HTTP GET /api/Product/filter responded 200 in 2.6445 ms
2025-08-23 14:30:34.413 +03:00 [INF] HTTP GET /api/Product/filter responded 200 in 7.9953 ms
2025-08-23 14:30:34.423 +03:00 [INF] HTTP GET /api/Product/filter responded 200 in 9.1230 ms
2025-08-23 14:30:37.342 +03:00 [INF] HTTP GET /api/Product/filter responded 200 in 3.2364 ms
2025-08-23 14:30:37.347 +03:00 [INF] HTTP GET /api/Product/filter responded 200 in 3.2700 ms
2025-08-23 14:30:38.993 +03:00 [INF] HTTP GET /api/Product/0dabbe6f-5061-46ac-81da-5888df2836a2 responded 200 in 2.2871 ms
2025-08-23 14:30:53.569 +03:00 [INF] HTTP GET /api/Product/0dabbe6f-5061-46ac-81da-5888df2836a2 responded 200 in 3.8022 ms
2025-08-23 14:30:55.606 +03:00 [INF] HTTP GET /api/Product/filter responded 200 in 2.8799 ms
2025-08-23 14:30:55.611 +03:00 [INF] HTTP GET /api/Product/filter responded 200 in 3.0984 ms
2025-08-23 14:32:13.149 +03:00 [INF] HTTP GET /api/Product/filter responded 200 in 2.8745 ms
2025-08-23 14:32:14.813 +03:00 [INF] HTTP GET /api/Product/filter responded 200 in 3.0501 ms
2025-08-23 14:32:14.818 +03:00 [INF] HTTP GET /api/Product/filter responded 200 in 3.3441 ms
2025-08-23 14:32:30.232 +03:00 [INF] HTTP GET /api/Product/0dabbe6f-5061-46ac-81da-5888df2836a2 responded 200 in 2.6202 ms
2025-08-23 14:32:33.610 +03:00 [INF] HTTP GET /api/Product/filter responded 200 in 2.4100 ms
2025-08-23 14:32:33.613 +03:00 [INF] HTTP GET /api/Product/filter responded 200 in 1.9867 ms
2025-08-23 14:32:34.767 +03:00 [INF] HTTP GET /api/Product/filter responded 200 in 2.4603 ms
2025-08-23 14:32:34.771 +03:00 [INF] HTTP GET /api/Product/filter responded 200 in 2.6028 ms
2025-08-23 14:32:35.506 +03:00 [INF] HTTP GET /api/Product/0dabbe6f-5061-46ac-81da-5888df2836a2 responded 200 in 2.7923 ms
2025-08-23 14:32:40.960 +03:00 [INF] HTTP GET /api/Product/filter responded 200 in 2.5129 ms
2025-08-23 14:32:40.965 +03:00 [INF] HTTP GET /api/Product/filter responded 200 in 2.8638 ms
2025-08-23 14:34:58.943 +03:00 [INF] HTTP GET /api/Product/filter responded 200 in 10.1014 ms
2025-08-23 14:34:58.952 +03:00 [INF] HTTP GET /api/Product/filter responded 200 in 4.5232 ms
2025-08-23 14:35:02.079 +03:00 [INF] HTTP GET /api/Product/0dabbe6f-5061-46ac-81da-5888df2836a2 responded 200 in 2.4519 ms
2025-08-23 14:36:57.727 +03:00 [INF] HTTP GET /api/Product/0dabbe6f-5061-46ac-81da-5888df2836a2 responded 200 in 42.2255 ms
2025-08-23 14:37:01.141 +03:00 [INF] HTTP GET /api/Product/0dabbe6f-5061-46ac-81da-5888df2836a2 responded 200 in 3.1317 ms
2025-08-23 14:39:45.679 +03:00 [INF] HTTP GET /api/Product/filter responded 200 in 16.5763 ms
2025-08-23 14:39:48.156 +03:00 [INF] HTTP GET /api/Product/0dabbe6f-5061-46ac-81da-5888df2836a2 responded 200 in 2.1494 ms
2025-08-23 14:39:58.909 +03:00 [INF] HTTP GET /api/Product/filter responded 200 in 3.0778 ms
2025-08-23 14:39:58.913 +03:00 [INF] HTTP GET /api/Product/filter responded 200 in 2.4647 ms
2025-08-23 14:40:05.468 +03:00 [INF] HTTP POST /api/auth/login responded 200 in 140.4703 ms
2025-08-23 14:40:10.935 +03:00 [INF] HTTP GET /api/Product/filter responded 200 in 2.2933 ms
2025-08-23 14:40:10.940 +03:00 [INF] HTTP GET /api/Product/filter responded 200 in 2.5139 ms
2025-08-23 14:40:10.970 +03:00 [INF] HTTP GET /api/Category responded 200 in 36.5511 ms
2025-08-23 14:40:10.975 +03:00 [INF] HTTP GET /api/Category responded 200 in 3.4942 ms
2025-08-23 14:40:11.402 +03:00 [INF] HTTP GET /api/Product/filter responded 200 in 3.0515 ms
2025-08-23 14:40:11.407 +03:00 [INF] HTTP GET /api/Category responded 200 in 8.0735 ms
2025-08-23 14:40:12.650 +03:00 [INF] HTTP GET /api/Product/fdce0f99-a7b0-495e-8906-f096f388add1 responded 200 in 2.1890 ms
2025-08-23 14:40:26.745 +03:00 [INF] HTTP GET /api/Category responded 200 in 2.0546 ms
2025-08-23 14:40:26.749 +03:00 [INF] HTTP GET /api/Product/filter responded 200 in 3.5563 ms
2025-08-23 14:40:28.553 +03:00 [INF] HTTP GET /api/Product/fdce0f99-a7b0-495e-8906-f096f388add1 responded 200 in 3.2980 ms
2025-08-23 14:40:52.829 +03:00 [INF] HTTP GET /api/Category responded 200 in 4.4386 ms
2025-08-23 14:40:52.833 +03:00 [INF] HTTP GET /api/Category responded 200 in 3.2512 ms
2025-08-23 14:40:57.025 +03:00 [INF] HTTP PUT /api/Category responded 200 in 87.9676 ms
2025-08-23 14:40:57.040 +03:00 [INF] HTTP PUT /api/Category responded 200 in 6.8932 ms
2025-08-23 14:40:57.053 +03:00 [INF] HTTP GET /api/Category responded 200 in 3.9634 ms
2025-08-23 14:41:03.831 +03:00 [INF] HTTP PUT /api/Category responded 200 in 6.0619 ms
2025-08-23 14:41:03.842 +03:00 [INF] HTTP PUT /api/Category responded 200 in 6.4657 ms
2025-08-23 14:41:03.857 +03:00 [INF] HTTP GET /api/Category responded 200 in 4.3210 ms
2025-08-23 14:41:05.842 +03:00 [INF] HTTP GET /api/Category responded 200 in 3.2727 ms
2025-08-23 14:41:05.850 +03:00 [INF] HTTP GET /api/Product/filter responded 200 in 10.5192 ms
2025-08-23 14:41:05.857 +03:00 [INF] HTTP GET /api/Category responded 200 in 7.0760 ms
2025-08-23 14:41:05.866 +03:00 [INF] HTTP GET /api/Product/filter responded 200 in 11.2098 ms
2025-08-23 14:41:06.337 +03:00 [INF] HTTP GET /api/Product/filter responded 200 in 2.5052 ms
2025-08-23 14:41:06.338 +03:00 [INF] HTTP GET /api/Category responded 200 in 3.5861 ms
2025-08-23 14:41:08.855 +03:00 [INF] HTTP GET /api/GetProductImages/fdce0f99-a7b0-495e-8906-f096f388add1 responded 200 in 17.4726 ms
2025-08-23 14:41:12.407 +03:00 [INF] HTTP POST /api/products/fdce0f99-a7b0-495e-8906-f096f388add1/images responded 200 in 92.4359 ms
2025-08-23 14:41:12.415 +03:00 [INF] HTTP GET /api/Product/filter responded 200 in 2.5035 ms
2025-08-23 14:41:12.415 +03:00 [INF] HTTP GET /api/Category responded 200 in 2.4109 ms
2025-08-23 14:41:14.511 +03:00 [INF] HTTP GET /api/Product/fdce0f99-a7b0-495e-8906-f096f388add1 responded 200 in 2.5568 ms
2025-08-23 14:41:16.677 +03:00 [INF] HTTP GET /api/GetProductImages/fdce0f99-a7b0-495e-8906-f096f388add1 responded 200 in 4.4848 ms
2025-08-23 14:41:48.033 +03:00 [INF] HTTP POST /api/Product responded 200 in 8232.2758 ms
2025-08-23 14:41:52.546 +03:00 [INF] HTTP GET /api/Category responded 200 in 3.3301 ms
2025-08-23 14:41:52.549 +03:00 [INF] HTTP GET /api/Product/filter responded 200 in 6.0969 ms
2025-08-23 14:41:57.086 +03:00 [INF] HTTP GET /api/Category responded 200 in 3.4336 ms
2025-08-23 14:41:57.089 +03:00 [INF] HTTP GET /api/Product/filter responded 200 in 6.7320 ms
2025-08-23 14:42:06.883 +03:00 [INF] HTTP POST /api/Product responded 200 in 47.6058 ms
2025-08-23 14:42:10.326 +03:00 [INF] HTTP GET /api/Category responded 200 in 3.1228 ms
2025-08-23 14:42:10.328 +03:00 [INF] HTTP GET /api/Product/filter responded 200 in 4.7435 ms
2025-08-23 14:42:15.227 +03:00 [INF] HTTP GET /api/Product/filter responded 200 in 3.3861 ms
2025-08-23 14:42:15.231 +03:00 [INF] HTTP GET /api/Product/filter responded 200 in 2.6337 ms
2025-08-23 14:42:18.851 +03:00 [INF] HTTP GET /api/Product/filter responded 200 in 3.4814 ms
2025-08-23 14:42:23.592 +03:00 [INF] HTTP POST /api/auth/login responded 200 in 191.6334 ms
2025-08-23 14:42:25.789 +03:00 [INF] HTTP GET /api/Category responded 200 in 3.3505 ms
2025-08-23 14:42:25.794 +03:00 [INF] HTTP GET /api/Category responded 200 in 2.5479 ms
2025-08-23 14:42:27.316 +03:00 [INF] HTTP GET /api/Category responded 200 in 3.1921 ms
2025-08-23 14:42:27.323 +03:00 [INF] HTTP GET /api/Product/filter responded 200 in 10.6116 ms
2025-08-23 14:42:27.326 +03:00 [INF] HTTP GET /api/Category responded 200 in 2.9125 ms
2025-08-23 14:42:27.330 +03:00 [INF] HTTP GET /api/Product/filter responded 200 in 2.9247 ms
2025-08-23 14:42:27.822 +03:00 [INF] HTTP GET /api/Product/filter responded 200 in 5.5296 ms
2025-08-23 14:42:27.826 +03:00 [INF] HTTP GET /api/Category responded 200 in 8.5616 ms
